// Jest Snapshot v1, https://goo.gl/fbAQLP

exports[`ADD should complain if we ask for non-supported tool 1`] = `
"\`non-supported-tool\` is not a supported tool. You can't add it.
"
`;

exports[`ADD should tell if all the tools are handled 1`] = `
"All the Knuckle tools are already handled
"
`;

exports[`ADD should tell if all the tools are handled 2`] = `
"All the Knuckle tools are already handled
"
`;
