// Jest Snapshot v1, https://goo.gl/fbAQLP

exports[`ADD should complain if we ask for non-supported tool 1`] = `
"
"
`;
