// Jest Snapshot v1, https://goo.gl/fbAQLP

exports[`Error should print an \`unknown option\` error 1`] = `"error: unknown option '--bad-option'"`;

exports[`Usage should print the usage 1`] = `
"Usage: index <command> [options]

Options:
  -v, --version                    output the version number
  -h, --help                       output usage information

Commands:
  add [toolname...]                Ask Knuckle to handle new tools
  eslint [options] [path...]       An AST-based pattern checker for JavaScript
  lint-staged [options] [path...]  Lint files staged by git
  prettier [options] [path...]     Prettier is an opinionated code formatter
  tslint [options] [path...]       An extensible linter for the TypeScript language
  remove <toolname> [toolname...]  Tell to Knuckle to not handle those tools anymore
  up [options]                     Create the configuration files
  commitlint [options] [path...]   Lint your conventional commits
"
`;

exports[`Usage should print the usage 2`] = `
"Usage: index <command> [options]

Options:
  -v, --version                    output the version number
  -h, --help                       output usage information

Commands:
  add [toolname...]                Ask Knuckle to handle new tools
  eslint [options] [path...]       An AST-based pattern checker for JavaScript
  lint-staged [options] [path...]  Lint files staged by git
  prettier [options] [path...]     Prettier is an opinionated code formatter
  tslint [options] [path...]       An extensible linter for the TypeScript language
  remove <toolname> [toolname...]  Tell to Knuckle to not handle those tools anymore
  up [options]                     Create the configuration files
  commitlint [options] [path...]   Lint your conventional commits
"
`;

exports[`Usage should print the usage 3`] = `
"Usage: index <command> [options]

Options:
  -v, --version                    output the version number
  -h, --help                       output usage information

Commands:
  add [toolname...]                Ask Knuckle to handle new tools
  eslint [options] [path...]       An AST-based pattern checker for JavaScript
  lint-staged [options] [path...]  Lint files staged by git
  prettier [options] [path...]     Prettier is an opinionated code formatter
  tslint [options] [path...]       An extensible linter for the TypeScript language
  remove <toolname> [toolname...]  Tell to Knuckle to not handle those tools anymore
  up [options]                     Create the configuration files
  commitlint [options] [path...]   Lint your conventional commits
"
`;
