// Jest Snapshot v1, https://goo.gl/fbAQLP

exports[`Error should print an \`unknown option\` error 1`] = `""`;
