// Jest Snapshot v1, https://goo.gl/fbAQLP

exports[`REMOVE should fail if there are no tools in the input 1`] = `
"error: missing required argument 'toolname'
"
`;
