// Jest Snapshot v1, https://goo.gl/fbAQLP

exports[`SET-MERGE-STRATEGY should fail if the given strategy does not exists 1`] = `
"unknown-strategy is not a valid merge strategy. The available strategies are: deep, spread, replace.
"
`;

exports[`SET-MERGE-STRATEGY should fail if the given tool does not exists 1`] = `
"unknown-tool is not a valid tool name. The available options are: default, commitlint, eslint, husky, lint-staged, prettier, tslint.
"
`;
